package com.projeto;

public class App {

    public static void main(String[] args) {
        EnterpriseSolution empresa = new EnterpriseSolution("Produção");
        Funcionario usr1 = new Funcionario("Motorista");
        Funcionario usr2 = new Funcionario("Admin");

        empresa.executeLogic(usr1);
        empresa.executeLogic(usr2);

        System.out.println("Estado da empresa: " + empresa.getEstado());

        empresa.setEstado("Pausa");

        Funcionario usr3 = new Funcionario("Motorista");
        Funcionario usr4 = new Funcionario("Admin");
        empresa.executeLogic(usr3);
        empresa.executeLogic(usr4);

        System.out.println("Estado da empresa: " + empresa.getEstado());
    }
}
package com.projeto;

public class EnterpriseSolution {

    private UserValidator userValidator;
    private String estado;

    public EnterpriseSolution(String estado) {
        this.userValidator = new UserValidator();
        this.estado = estado;
    }

    public void executeLogic(Funcionario usuario) {
        if (userValidator.isValido(usuario) && estado.equals("Produção")) {
            userValidator.save(usuario);
        }
    }

	public String getEstado() {
		return estado;
	}

	public void setEstado(String estado) {
		this.estado = estado;
	}

}
package com.projeto;

public class Funcionario {

    private String cargo;

    public Funcionario (String cargo) {
        this.cargo = cargo;
    }

    public String getCargo() {
        return cargo;
    }

    public void setCargo(String cargo) {
        this.cargo = cargo;
    }

}
package com.projeto;

public class UserValidator {

    public boolean isValido(Funcionario usuario) {
        return usuario.getCargo().equals("Admin") ? true : false;
    }

    public void save(Funcionario funcionario) {
        System.out.println("Funcionário com cargo: "+funcionario.getCargo()+
            "\nFoi salvo com sucesso!");
    }
}
